\BOOKMARK [0][-]{chapter.1}{\376\377\000I\000n\000t\000r\000o\000d\000u\000c\000t\000i\000o\000n\000,\000\040\000P\000r\000o\000v\000e\000n\000a\000n\000c\000e\000,\000\040\000a\000n\000d\000\040\000H\000o\000w\000\040\000t\000o\000\040\000U\000s\000e\000\040\000T\000h\000i\000s\000\040\000B\000o\000o\000k}{}% 1
\BOOKMARK [1][-]{section.1.1}{\376\377\000P\000u\000r\000p\000o\000s\000e\000\040\000a\000n\000d\000\040\000s\000c\000o\000p\000e}{chapter.1}% 2
\BOOKMARK [1][-]{section.1.2}{\376\377\000H\000o\000w\000\040\000t\000h\000i\000s\000\040\000b\000o\000o\000k\000\040\000w\000a\000s\000\040\000c\000r\000e\000a\000t\000e\000d}{chapter.1}% 3
\BOOKMARK [1][-]{section.1.3}{\376\377\000N\000o\000t\000a\000t\000i\000o\000n}{chapter.1}% 4
\BOOKMARK [0][-]{chapter.2}{\376\377\000M\000a\000t\000h\000e\000m\000a\000t\000i\000c\000a\000l\000\040\000F\000o\000u\000n\000d\000a\000t\000i\000o\000n\000s}{}% 5
\BOOKMARK [1][-]{section.2.1}{\376\377\000T\000h\000e\000\040\000s\000t\000a\000n\000d\000a\000r\000d\000\040\000n\000o\000r\000m\000a\000l\000\040\000d\000i\000s\000t\000r\000i\000b\000u\000t\000i\000o\000n\000\040\000a\000n\000d\000\040\000i\000t\000s\000\040\000q\000u\000a\000n\000t\000i\000l\000e\000s}{chapter.2}% 6
\BOOKMARK [1][-]{section.2.2}{\376\377\000C\000o\000n\000d\000i\000t\000i\000o\000n\000a\000l\000\040\000p\000r\000o\000b\000a\000b\000i\000l\000i\000t\000y\000\040\000a\000n\000d\000\040\000c\000o\000n\000d\000i\000t\000i\000o\000n\000a\000l\000\040\000e\000x\000p\000e\000c\000t\000a\000t\000i\000o\000n}{chapter.2}% 7
\BOOKMARK [1][-]{section.2.3}{\376\377\000E\000x\000p\000e\000c\000t\000a\000t\000i\000o\000n\000,\000\040\000v\000a\000r\000i\000a\000n\000c\000e\000\040\000d\000e\000c\000o\000m\000p\000o\000s\000i\000t\000i\000o\000n\000,\000\040\000a\000n\000d\000\040\000t\000a\000i\000l\000\040\000r\000i\000s\000k}{chapter.2}% 8
\BOOKMARK [1][-]{section.2.4}{\376\377\000P\000r\000e\000s\000e\000n\000t\000\040\000v\000a\000l\000u\000e\000\040\000a\000n\000d\000\040\000t\000h\000e\000\040\000a\000n\000n\000u\000i\000t\000y}{chapter.2}% 9
\BOOKMARK [0][-]{chapter.3}{\376\377\000P\000a\000r\000t\000\040\000A\000\040\040\024\000\040\000R\000i\000s\000k\000-\000W\000e\000i\000g\000h\000t\000e\000d\000\040\000A\000s\000s\000e\000t\000s\000\040\000u\000n\000d\000e\000r\000\040\000t\000h\000e\000\040\000A\000-\000I\000R\000B\000\040\000A\000p\000p\000r\000o\000a\000c\000h}{}% 10
\BOOKMARK [1][-]{section.3.1}{\376\377\000T\000h\000e\000\040\000r\000e\000g\000u\000l\000a\000t\000o\000r\000y\000\040\000q\000u\000e\000s\000t\000i\000o\000n}{chapter.3}% 11
\BOOKMARK [1][-]{section.3.2}{\376\377\000T\000h\000e\000\040\000f\000a\000c\000t\000o\000r\000\040\0001\0002\000.\0005\000:\000\040\000a\000\040\000c\000o\000m\000p\000l\000e\000t\000e\000\040\000d\000e\000r\000i\000v\000a\000t\000i\000o\000n}{chapter.3}% 12
\BOOKMARK [1][-]{section.3.3}{\376\377\000T\000h\000e\000\040\000t\000h\000r\000e\000e\000\040\000r\000i\000s\000k\000\040\000p\000a\000r\000a\000m\000e\000t\000e\000r\000s}{chapter.3}% 13
\BOOKMARK [1][-]{section.3.4}{\376\377\000T\000h\000e\000\040\000s\000i\000n\000g\000l\000e\000-\000f\000a\000c\000t\000o\000r\000\040\000m\000o\000d\000e\000l\000:\000\040\000f\000r\000o\000m\000\040\000M\000e\000r\000t\000o\000n\000\040\000t\000o\000\040\000V\000a\000s\000i\000c\000e\000k}{chapter.3}% 14
\BOOKMARK [2][-]{subsection.3.4.1}{\376\377\000S\000t\000e\000p\000\040\0001\000:\000\040\000t\000h\000e\000\040\000f\000a\000c\000t\000o\000r\000\040\000m\000o\000d\000e\000l}{section.3.4}% 15
\BOOKMARK [2][-]{subsection.3.4.2}{\376\377\000S\000t\000e\000p\000\040\0002\000:\000\040\000t\000h\000e\000\040\000d\000e\000f\000a\000u\000l\000t\000\040\000t\000h\000r\000e\000s\000h\000o\000l\000d}{section.3.4}% 16
\BOOKMARK [2][-]{subsection.3.4.3}{\376\377\000S\000t\000e\000p\000\040\0003\000:\000\040\000t\000h\000e\000\040\000c\000o\000n\000d\000i\000t\000i\000o\000n\000a\000l\000\040\000d\000e\000f\000a\000u\000l\000t\000\040\000p\000r\000o\000b\000a\000b\000i\000l\000i\000t\000y}{section.3.4}% 17
\BOOKMARK [2][-]{subsection.3.4.4}{\376\377\000S\000t\000e\000p\000\040\0004\000:\000\040\000c\000a\000p\000i\000t\000a\000l\000\040\000e\000q\000u\000a\000l\000s\000\040\000s\000t\000r\000e\000s\000s\000\040\000l\000o\000s\000s\000\040\000m\000i\000n\000u\000s\000\040\000e\000x\000p\000e\000c\000t\000e\000d\000\040\000l\000o\000s\000s}{section.3.4}% 18
\BOOKMARK [1][-]{section.3.5}{\376\377\000W\000h\000y\000\040\000t\000h\000e\000\040\000f\000o\000r\000m\000u\000l\000a\000\040\000a\000p\000p\000l\000i\000e\000s\000\040\000l\000o\000a\000n\000-\000b\000y\000-\000l\000o\000a\000n\000:\000\040\000G\000o\000r\000d\000y\000'\000s\000\040\000t\000h\000e\000o\000r\000e\000m}{chapter.3}% 19
\BOOKMARK [1][-]{section.3.6}{\376\377\000T\000h\000e\000\040\000C\000R\000R\000\040\000r\000e\000t\000a\000i\000l\000\040\000c\000o\000r\000r\000e\000l\000a\000t\000i\000o\000n\000\040\000f\000u\000n\000c\000t\000i\000o\000n}{chapter.3}% 20
\BOOKMARK [1][-]{section.3.7}{\376\377\000W\000o\000r\000k\000e\000d\000\040\000e\000x\000a\000m\000p\000l\000e\000:\000\040\000t\000h\000e\000\040\000e\0001\0000\000,\0000\0000\0000\000\040\000l\000o\000a\000n\000,\000\040\000s\000t\000e\000p\000\040\000b\000y\000\040\000s\000t\000e\000p}{chapter.3}% 21
\BOOKMARK [1][-]{section.3.8}{\376\377\000S\000e\000n\000s\000i\000t\000i\000v\000i\000t\000i\000e\000s}{chapter.3}% 22
\BOOKMARK [1][-]{section.3.9}{\376\377\000L\000i\000m\000i\000t\000a\000t\000i\000o\000n\000s\000\040\000o\000f\000\040\000P\000a\000r\000t\000\040\000A}{chapter.3}% 23
\BOOKMARK [0][-]{chapter.4}{\376\377\000P\000a\000r\000t\000\040\000B\000\040\040\024\000\040\000I\000m\000p\000a\000i\000r\000m\000e\000n\000t\000\040\000u\000n\000d\000e\000r\000\040\000I\000F\000R\000S\000\040\0009}{}% 24
\BOOKMARK [1][-]{section.4.1}{\376\377\000T\000h\000e\000\040\000a\000c\000c\000o\000u\000n\000t\000i\000n\000g\000\040\000q\000u\000e\000s\000t\000i\000o\000n}{chapter.4}% 25
\BOOKMARK [1][-]{section.4.2}{\376\377\000T\000h\000e\000\040\000t\000h\000r\000e\000e\000-\000s\000t\000a\000g\000e\000\040\000m\000o\000d\000e\000l}{chapter.4}% 26
\BOOKMARK [1][-]{section.4.3}{\376\377\000T\000h\000e\000\040\000E\000C\000L\000\040\000f\000o\000r\000m\000u\000l\000a}{chapter.4}% 27
\BOOKMARK [1][-]{section.4.4}{\376\377\000A\000\040\000s\000h\000o\000r\000t\000\040\000p\000r\000o\000o\000f\000:\000\040\000l\000i\000f\000e\000t\000i\000m\000e\000\040\000d\000o\000m\000i\000n\000a\000t\000e\000s\000\040\0001\0002\000-\000m\000o\000n\000t\000h\000\040\000E\000C\000L}{chapter.4}% 28
\BOOKMARK [1][-]{section.4.5}{\376\377\000W\000o\000r\000k\000e\000d\000\040\000e\000x\000a\000m\000p\000l\000e\000:\000\040\000t\000h\000e\000\040\000e\0001\0000\000,\0000\0000\0000\000\040\000l\000o\000a\000n}{chapter.4}% 29
\BOOKMARK [2][-]{subsection.4.5.1}{\376\377\000S\000t\000a\000g\000e\000\040\0001\000:\000\040\0001\0002\000-\000m\000o\000n\000t\000h\000\040\000E\000C\000L}{section.4.5}% 30
\BOOKMARK [2][-]{subsection.4.5.2}{\376\377\000L\000i\000f\000e\000t\000i\000m\000e\000\040\000E\000C\000L\000,\000\040\000b\000a\000s\000e\000\040\000s\000c\000e\000n\000a\000r\000i\000o}{section.4.5}% 31
\BOOKMARK [2][-]{subsection.4.5.3}{\376\377\000S\000c\000e\000n\000a\000r\000i\000o\000\040\000w\000e\000i\000g\000h\000t\000i\000n\000g}{section.4.5}% 32
\BOOKMARK [2][-]{subsection.4.5.4}{\376\377\000S\000t\000a\000g\000e\000-\0002\000\040\000m\000i\000g\000r\000a\000t\000i\000o\000n\000:\000\040\000t\000h\000e\000\040\000c\000l\000i\000f\000f\000\040\000i\000n\000\040\000n\000u\000m\000b\000e\000r\000s}{section.4.5}% 33
\BOOKMARK [2][-]{subsection.4.5.5}{\376\377\000T\000h\000e\000\040\000d\000i\000s\000c\000o\000u\000n\000t\000i\000n\000g\000\040\000s\000u\000b\000t\000l\000e\000t\000y}{section.4.5}% 34
\BOOKMARK [1][-]{section.4.6}{\376\377\000R\000e\000c\000o\000n\000c\000i\000l\000i\000a\000t\000i\000o\000n\000\040\000w\000i\000t\000h\000\040\000P\000a\000r\000t\000\040\000A}{chapter.4}% 35
\BOOKMARK [1][-]{section.4.7}{\376\377\000L\000i\000m\000i\000t\000a\000t\000i\000o\000n\000s\000\040\000o\000f\000\040\000P\000a\000r\000t\000\040\000B}{chapter.4}% 36
\BOOKMARK [0][-]{chapter.5}{\376\377\000P\000a\000r\000t\000\040\000C\000\040\040\024\000\040\000R\000i\000s\000k\000-\000S\000e\000n\000s\000i\000t\000i\000v\000e\000\040\000P\000r\000i\000c\000i\000n\000g}{}% 37
\BOOKMARK [1][-]{section.5.1}{\376\377\000T\000h\000e\000\040\000p\000r\000i\000c\000i\000n\000g\000\040\000q\000u\000e\000s\000t\000i\000o\000n}{chapter.5}% 38
\BOOKMARK [1][-]{section.5.2}{\376\377\000T\000h\000e\000\040\000R\000A\000R\000O\000C\000\040\000f\000r\000a\000m\000e\000w\000o\000r\000k}{chapter.5}% 39
\BOOKMARK [1][-]{section.5.3}{\376\377\000D\000e\000r\000i\000v\000a\000t\000i\000o\000n\000\040\000o\000f\000\040\000t\000h\000e\000\040\000r\000e\000q\000u\000i\000r\000e\000d\000\040\000r\000a\000t\000e}{chapter.5}% 40
\BOOKMARK [1][-]{section.5.4}{\376\377\000W\000o\000r\000k\000e\000d\000\040\000e\000x\000a\000m\000p\000l\000e\000:\000\040\000p\000r\000i\000c\000i\000n\000g\000\040\000t\000h\000e\000\040\000e\0001\0000\000,\0000\0000\0000\000\040\000l\000o\000a\000n}{chapter.5}% 41
\BOOKMARK [1][-]{section.5.5}{\376\377\000C\000r\000o\000s\000s\000-\000c\000h\000e\000c\000k\000:\000\040\000R\000A\000R\000O\000C\000\040\000a\000t\000\040\000t\000h\000e\000\040\000e\000x\000a\000m\000p\000l\000e\000\040\000E\000I\000R\000\040\000o\000f\000\040\0008\000.\0005\000\045}{chapter.5}% 42
\BOOKMARK [1][-]{section.5.6}{\376\377\000R\000i\000s\000k\000\040\000s\000e\000n\000s\000i\000t\000i\000v\000i\000t\000y\000:\000\040\000t\000w\000o\000\040\000b\000o\000r\000r\000o\000w\000e\000r\000s\000,\000\040\000s\000a\000m\000e\000\040\000p\000r\000o\000d\000u\000c\000t}{chapter.5}% 43
\BOOKMARK [1][-]{section.5.7}{\376\377\000P\000r\000i\000c\000i\000n\000g\000\040\000w\000i\000t\000h\000\040\000a\000\040\000l\000i\000f\000e\000t\000i\000m\000e\000-\000E\000L\000\040\000v\000i\000e\000w}{chapter.5}% 44
\BOOKMARK [1][-]{section.5.8}{\376\377\000L\000i\000m\000i\000t\000a\000t\000i\000o\000n\000s\000\040\000o\000f\000\040\000P\000a\000r\000t\000\040\000C}{chapter.5}% 45
\BOOKMARK [0][-]{chapter.6}{\376\377\000S\000y\000n\000t\000h\000e\000s\000i\000s\000:\000\040\000O\000n\000e\000\040\000L\000o\000a\000n\000,\000\040\000T\000h\000r\000e\000e\000\040\000N\000u\000m\000b\000e\000r\000s}{}% 46
\BOOKMARK [0][-]{chapter.7}{\376\377\000T\000h\000e\000\040\000C\000o\000m\000p\000a\000n\000i\000o\000n\000\040\000D\000a\000s\000h\000b\000o\000a\000r\000d\000s}{}% 47
\BOOKMARK [0][-]{chapter.8}{\376\377\000E\000x\000e\000r\000c\000i\000s\000e\000s}{}% 48
\BOOKMARK [0][-]{appendix.A}{\376\377\000N\000o\000t\000a\000t\000i\000o\000n}{}% 49
\BOOKMARK [0][-]{appendix.B}{\376\377\000S\000o\000u\000r\000c\000e\000\040\000N\000o\000t\000e\000s\000\040\000a\000n\000d\000\040\000R\000e\000f\000e\000r\000e\000n\000c\000e\000s}{}% 50
